python : WARNING 2025-12-27 13:13:20,845 
apps.tournaments.services.certificate_service certificate_service 
16060 7516 Bengali font not found at G:\My Projects\WORK\DeltaCrow
n\staticfiles\fonts\NotoSansBengali-Regular.ttf. Bengali text 
will fall back to standard font. See static/fonts/README.md for 
installation instructions.
At line:1 char:38
+ ... eltaCrown"; python -u manage.py test 
apps.user_profile.tests.test_set ...
+                 
~~~~~~~~~~~~~~~~~~~~~~~~~~~~~~~~~~~~~~~~~~~~~~~~~~~~~~~~~
    + CategoryInfo          : NotSpecified: (WARNING 2025-12...n  
   instructions.:String) [], RemoteException
    + FullyQualifiedErrorId : NativeCommandError
 
INFO 2025-12-27 13:13:20,953 apps.core.events __init__ 16060 7516 
\U0001f680 Initializing Event Bus
INFO 2025-12-27 13:13:20,954 apps.core.registry __init__ 16060 
7516 \U0001f680 Initializing Service Registry
INFO 2025-12-27 13:13:20,954 apps.core.plugins __init__ 16060 
7516 \U0001f50d Discovering game plugins...
INFO 2025-12-27 13:13:20,954 apps.core.plugins __init__ 16060 
7516 \U0001f3ae Plugin discovery complete: 0 plugins loaded
INFO 2025-12-27 13:13:21,001 apps.core.registry __init__ 16060 
7516 \U0001f4dd Registered service: tournament_provider v1.0 ()
INFO 2025-12-27 13:13:21,002 apps.core.registry __init__ 16060 
7516 \U0001f4dd Registered service: game_config_provider v1.0 ()
INFO 2025-12-27 13:13:21,002 apps.core.apps apps 16060 7516 
\u2705 Registered tournament and game config providers
INFO 2025-12-27 13:13:21,002 apps.core.apps apps 16060 7516 
DeltaCrown Core Infrastructure initialized
INFO 2025-12-27 13:13:21,004 apps.core.events __init__ 16060 7516 
\U0001f4dd Subscribed: populate_team_ci_fields \u2192 
team.created (priority: 10)
INFO 2025-12-27 13:13:21,004 apps.core.events __init__ 16060 7516 
\U0001f4dd Subscribed: populate_team_ci_fields_on_update \u2192 
team.updated (priority: 10)
INFO 2025-12-27 13:13:21,004 apps.core.events __init__ 16060 7516 
\U0001f4dd Subscribed: update_team_points_on_member_added \u2192 
team.member_joined (priority: 20)
INFO 2025-12-27 13:13:21,004 apps.core.events __init__ 16060 7516 
\U0001f4dd Subscribed: notify_roster_change_added \u2192 
team.member_joined (priority: 50)
INFO 2025-12-27 13:13:21,004 apps.core.events __init__ 16060 7516 
\U0001f4dd Subscribed: update_team_points_on_member_removed 
\u2192 team.member_left (priority: 20)
INFO 2025-12-27 13:13:21,005 apps.core.events __init__ 16060 7516 
\U0001f4dd Subscribed: notify_roster_change_removed \u2192 
team.member_left (priority: 50)
INFO 2025-12-27 13:13:21,005 apps.core.events __init__ 16060 7516 
\U0001f4dd Subscribed: recalculate_all_teams_on_criteria_change 
\u2192 team.ranking_criteria_changed (priority: 10)
INFO 2025-12-27 13:13:21,005 apps.core.events __init__ 16060 7516 
\U0001f4dd Subscribed: award_tournament_participation_points 
\u2192 registration.created (priority: 30)
INFO 2025-12-27 13:13:21,005 apps.core.events __init__ 16060 7516 
\U0001f4dd Subscribed: award_achievement_points \u2192 
team.achievement_earned (priority: 20)
INFO 2025-12-27 13:13:21,005 apps.core.events __init__ 16060 7516 
\U0001f4dd Subscribed: notify_achievement_earned \u2192 
team.achievement_earned (priority: 50)
INFO 2025-12-27 13:13:21,005 apps.core.events __init__ 16060 7516 
\U0001f4dd Subscribed: notify_team_invite_sent \u2192 
team.invite_sent (priority: 50)
INFO 2025-12-27 13:13:21,006 apps.core.events __init__ 16060 7516 
\U0001f4dd Subscribed: notify_team_invite_accepted \u2192 
team.invite_accepted (priority: 50)
INFO 2025-12-27 13:13:21,006 apps.core.events __init__ 16060 7516 
\U0001f4dd Subscribed: notify_sponsor_approved \u2192 
team.sponsor_approved (priority: 50)
INFO 2025-12-27 13:13:21,006 apps.core.events __init__ 16060 7516 
\U0001f4dd Subscribed: notify_promotion_started \u2192 
team.promotion_started (priority: 50)
INFO 2025-12-27 13:13:21,007 apps.teams.events __init__ 16060 
7516 \U0001f4e2 Registered team event handlers
INFO 2025-12-27 13:13:21,007 apps.teams.apps apps 16060 7516 
\u2705 Team event handlers registered
INFO 2025-12-27 13:13:21,015 apps.core.events __init__ 16060 7516 
\U0001f4dd Subscribed: ensure_user_profile \u2192 user.created 
(priority: 10)
INFO 2025-12-27 13:13:21,015 apps.core.events __init__ 16060 7516 
\U0001f4dd Subscribed: ensure_user_profile_on_update \u2192 
user.updated (priority: 10)
INFO 2025-12-27 13:13:21,015 apps.user_profile.events events 
16060 7516 \U0001f4e2 Registered user profile event handlers
INFO 2025-12-27 13:13:21,015 apps.user_profile.apps apps 16060 
7516 \u2705 User profile event handlers registered
INFO 2025-12-27 13:13:21,019 apps.user_profile.apps apps 16060 
7516 \u2705 User profile signals registered
INFO 2025-12-27 13:13:21,024 apps.core.events __init__ 16060 7516 
\U0001f4dd Subscribed: notify_registration_confirmed \u2192 
registration.confirmed (priority: 50)
INFO 2025-12-27 13:13:21,024 apps.core.events __init__ 16060 7516 
\U0001f4dd Subscribed: notify_match_scheduled \u2192 
match.scheduled (priority: 50)
INFO 2025-12-27 13:13:21,024 apps.core.events __init__ 16060 7516 
\U0001f4dd Subscribed: notify_result_verified \u2192 
match.result_verified (priority: 50)
INFO 2025-12-27 13:13:21,024 apps.notifications.events __init__ 
16060 7516 \U0001f4e2 Registered notification event handlers
INFO 2025-12-27 13:13:21,024 apps.notifications.apps apps 16060 
7516 \u2705 Notification event handlers registered
INFO 2025-12-27 13:13:21,028 apps.core.events __init__ 16060 7516 
\U0001f4dd Subscribed: increment_like_count \u2192 post.liked 
(priority: 20)
INFO 2025-12-27 13:13:21,028 apps.core.events __init__ 16060 7516 
\U0001f4dd Subscribed: decrement_like_count \u2192 post.unliked 
(priority: 20)
INFO 2025-12-27 13:13:21,028 apps.core.events __init__ 16060 7516 
\U0001f4dd Subscribed: increment_comment_count \u2192 
post.commented (priority: 20)
INFO 2025-12-27 13:13:21,029 apps.core.events __init__ 16060 7516 
\U0001f4dd Subscribed: decrement_comment_count \u2192 
post.comment_deleted (priority: 20)
INFO 2025-12-27 13:13:21,029 apps.core.events __init__ 16060 7516 
\U0001f4dd Subscribed: increment_share_count \u2192 post.shared 
(priority: 20)
INFO 2025-12-27 13:13:21,029 apps.core.events __init__ 16060 7516 
\U0001f4dd Subscribed: decrement_share_count \u2192 post.unshared 
(priority: 20)
INFO 2025-12-27 13:13:21,029 apps.siteui.events events 16060 7516 
\U0001f4e2 Registered site UI event handlers
INFO 2025-12-27 13:13:21,029 apps.siteui.apps apps 16060 7516 
\u2705 Site UI event handlers registered
INFO 2025-12-27 13:13:21,030 apps.core.events __init__ 16060 7516 
\U0001f4dd Subscribed: sync_user_on_group_change \u2192 
user.groups_changed (priority: 10)
INFO 2025-12-27 13:13:21,030 apps.core.events __init__ 16060 7516 
\U0001f4dd Subscribed: sync_user_on_created \u2192 user.created 
(priority: 10)
INFO 2025-12-27 13:13:21,030 apps.core.events __init__ 16060 7516 
\U0001f4dd Subscribed: sync_user_on_updated \u2192 user.updated 
(priority: 10)
INFO 2025-12-27 13:13:21,030 apps.core.events __init__ 16060 7516 
\U0001f4dd Subscribed: delete_auth_shadow \u2192 user.deleted 
(priority: 10)
INFO 2025-12-27 13:13:21,030 apps.accounts.events events 16060 
7516 \U0001f4e2 Registered accounts event handlers
INFO 2025-12-27 13:13:21,030 apps.accounts.apps apps 16060 7516 
\u2705 Accounts event handlers registered
Found 5 test(s).
Creating test database for alias 'default'...

Got an error creating the test database: database 
"test_deltacrown" already exists


